// Jest Snapshot v1, https://goo.gl/fbAQLP

exports[`should render LoginPage correctly 1`] = `
<div
  className="centered-form__form"
>
  <h1
    className="login-title"
  >
    Login
  </h1>
  <withRouter(Connect(C))
    user={
      Object {
        "email": "",
        "password": "",
      }
    }
  />
  <div
    className="login-option"
  >
    <Link
      replace={false}
      to="/create"
    >
      need an account?
    </Link>
  </div>
</div>
`;
